RUN python -m pytest reference/tests -q --junitxml=/Users/nost/Documents/VF-LhCDS/evidence/m1/final/pytest.xml
exit=0 (expected 0)
RUN python -m vflhcds_reference truth --graph reference/fixtures/bridged_triangles.graph --h 3 --all
exit=0 (expected 0)
RUN python -m vflhcds_reference truth --graph reference/fixtures/triangle_and_isolate.graph --h 3 --k 1
exit=0 (expected 0)
RUN python -m vflhcds_reference oracle --graph reference/fixtures/triangle_and_isolate.graph --h 3 --lambda 1/3
exit=0 (expected 0)
RUN python -m vflhcds_reference oracle --graph reference/fixtures/triangle_and_isolate.graph --h 3 --lambda 100/1
exit=0 (expected 0)
RUN python -m vflhcds_reference oracle --graph reference/fixtures/triangle_and_isolate.graph --h 3 --lambda 0/1 --x reference/fixtures/empty.set --y reference/fixtures/triangle.set
exit=0 (expected 0)
RUN python -m vflhcds_reference chain --graph reference/fixtures/outer_breakpoint.graph --h 2
exit=0 (expected 0)
RUN python -m vflhcds_reference truth --graph reference/fixtures/triangle_and_isolate.graph --h 3 --k 0
exit=2 (expected 2)
RUN ctest --test-dir build --output-on-failure
exit=0 (expected 0)
RUN python scripts/verify_papers.py
exit=0 (expected 0)
RUN git diff --check
exit=0 (expected 0)
