[  5%] Building CXX object CMakeFiles/vflhcds_lib.dir/generated/build_info.cpp.o
[ 10%] Building CXX object CMakeFiles/vflhcds_lib.dir/src/cli/dispatch.cpp.o
[ 15%] Building CXX object CMakeFiles/vflhcds_lib.dir/src/io/status.cpp.o
[ 21%] Building CXX object CMakeFiles/vflhcds_lib.dir/src/core/exact.cpp.o
[ 26%] Building CXX object CMakeFiles/vflhcds_lib.dir/src/core/graph.cpp.o
[ 31%] Building CXX object CMakeFiles/vflhcds_lib.dir/src/clique/materialized.cpp.o
[ 36%] Building CXX object CMakeFiles/vflhcds_lib.dir/src/oracle/closure.cpp.o
[ 42%] Building CXX object CMakeFiles/vflhcds_lib.dir/src/telemetry/query.cpp.o
[ 47%] Building CXX object CMakeFiles/vflhcds_lib.dir/src/io/graph.cpp.o
[ 52%] Building CXX object CMakeFiles/vflhcds_lib.dir/src/io/sha256.cpp.o
[ 57%] Linking CXX static library libvflhcds_lib.a
[ 57%] Built target vflhcds_lib
[ 68%] Building CXX object CMakeFiles/vflhcds_skeleton_test.dir/tests/skeleton_test.cpp.o
[ 68%] Building CXX object CMakeFiles/vflhcds.dir/src/cli/main.cpp.o
[ 73%] Linking CXX executable vflhcds
[ 78%] Linking CXX executable vflhcds_skeleton_test
[ 78%] Built target vflhcds
[ 84%] Building CXX object CMakeFiles/vflhcds_primitives_test.dir/tests/m2_primitives.cpp.o
[ 84%] Built target vflhcds_skeleton_test
[ 89%] Building CXX object CMakeFiles/vflhcds_m2_probe.dir/tests/m2_probe.cpp.o
[ 94%] Linking CXX executable vflhcds_m2_probe
[ 94%] Built target vflhcds_m2_probe
[100%] Linking CXX executable vflhcds_primitives_test
[100%] Built target vflhcds_primitives_test
